takayuki@TT-MacBook-Air git_tutorial % cd /Users/takayuki/Desktop/ninni_folder
takayuki@TT-MacBook-Air ninni_folder % git init git_challenge
Initialized empty Git repository in /Users/takayuki/Desktop/ninni_folder/git_challenge/.git/
takayuki@TT-MacBook-Air ninni_folder % cd /Users/takayuki/Desktop/ninni_folder/git_challenge
takayuki@TT-MacBook-Air git_challenge % cd /Users/takayuki/Desktop/ninni_folder/git_challenge/hello_world.txt
cd: not a directory: /Users/takayuki/Desktop/ninni_folder/git_challenge/hello_world.txt
takayuki@TT-MacBook-Air git_challenge % git commit -m"hello_word.txtを追加"
On branch main

Initial commit

Untracked files:
  (use "git add <file>..." to include in what will be committed)
	hello_world.txt

nothing added to commit but untracked files present (use "git add" to track)
takayuki@TT-MacBook-Air git_challenge % git add /Users/takayuki/Desktop/ninni_folder/git_challenge
takayuki@TT-MacBook-Air git_challenge % git commit -m"hello_word.txtを追加"
[main (root-commit) 49a759b] hello_word.txtを追加
 1 file changed, 2 insertions(+)
 create mode 100644 hello_world.txt
takayuki@TT-MacBook-Air git_challenge % git commit -m"日本後訳を追加"     
On branch main
nothing to commit, working tree clean
takayuki@TT-MacBook-Air git_challenge % git log
commit 49a759b454b17ed3b9a672f35ce70d6de0cc7eb4 (HEAD -> main)
Author: 田口 <taguchi.takayuki8323@gmail.com>
Date:   Thu Mar 7 18:54:45 2024 +0900

    hello_word.txtを追加
takayuki@TT-MacBook-Air git_challenge % 